2025-04-07 19:00:41,306 - INFO - Using device: cpu
2025-04-07 19:01:19,237 - INFO - Using device: cpu
2025-04-07 19:01:19,669 - INFO - Database initialized.
2025-04-07 19:01:19,670 - INFO - === Generation 0 ===
2025-04-07 19:01:19,671 - INFO - Task 'Lowercase Conversion' with input 'HELLO WORLD' yielded: Failed: invalid syntax (<string>, line 1)
2025-04-07 19:01:19,671 - INFO - Task 'Arithmetic Addition' with input '2 + 3' yielded: Success: 2 + 3
2025-04-07 19:01:19,671 - INFO - Task 'Reverse String' with input 'WORLD' yielded: Failed: name 'WORLD' is not defined
2025-04-07 19:01:19,671 - INFO - Sending query to Grok-2...
2025-04-07 19:01:41,613 - INFO - HTTP Request: POST https://api.x.ai/v1/chat/completions "HTTP/1.1 200 OK"
2025-04-07 19:01:41,643 - INFO - Generation 0 logged.
2025-04-07 19:01:41,643 - INFO - Generation 0: Fitness: 0.9838, Tools: 2
2025-04-07 19:01:41,643 - INFO - Grok insight (first 200 chars): To analyze this AI agent and suggest improvements, let's break down its current configuration and performance, and then propose enhancements for better task-solving and adaptability.

### Current Conf...
2025-04-07 19:01:41,651 - INFO - === Generation 1 ===
2025-04-07 19:01:41,652 - INFO - Task 'Lowercase Conversion' with input 'HELLO WORLD' yielded: Success: hello world
2025-04-07 19:01:41,652 - INFO - Task 'Arithmetic Addition' with input '2 + 3' yielded: Success: 2 + 3
2025-04-07 19:01:41,652 - INFO - Task 'Reverse String' with input 'WORLD' yielded: Success: world
2025-04-07 19:01:41,653 - INFO - Sending query to Grok-2...
2025-04-07 19:01:54,888 - INFO - HTTP Request: POST https://api.x.ai/v1/chat/completions "HTTP/1.1 200 OK"
2025-04-07 19:01:54,915 - INFO - Generation 1 logged.
2025-04-07 19:01:54,915 - INFO - Generation 1: Fitness: 1.2554, Tools: 2
2025-04-07 19:01:54,916 - INFO - Grok insight (first 200 chars): To analyze and suggest improvements for this AI agent, let's first break down the given parameters and their implications:

1. **Alpha (α) = 0.95**: This is the learning rate. A high value (close to 1...
2025-04-07 19:01:54,921 - INFO - === Generation 2 ===
2025-04-07 19:01:54,922 - INFO - Task 'Lowercase Conversion' with input 'HELLO WORLD' yielded: Success: hello world
2025-04-07 19:01:54,924 - INFO - Task 'Arithmetic Addition' with input '2 + 3' yielded: Success: 2 + 3
2025-04-07 19:01:54,924 - INFO - Task 'Reverse String' with input 'WORLD' yielded: Success: world
2025-04-07 19:01:54,924 - INFO - Sending query to Grok-2...
2025-04-07 19:02:14,854 - INFO - HTTP Request: POST https://api.x.ai/v1/chat/completions "HTTP/1.1 200 OK"
2025-04-07 19:02:14,876 - INFO - Generation 2 logged.
2025-04-07 19:02:14,877 - INFO - Generation 2: Fitness: 1.7755, Tools: 2
2025-04-07 19:02:14,877 - INFO - Grok insight (first 200 chars): Let's analyze this AI agent and suggest improvements for task-solving and adaptability. We'll break this down into several steps:

1. **Parameter Analysis:**
   - **Alpha (Learning Rate):** 1.00
     ...
2025-04-07 19:02:14,882 - INFO - === Generation 3 ===
2025-04-07 19:02:14,883 - INFO - Task 'Lowercase Conversion' with input 'HELLO WORLD' yielded: Success: hello world
2025-04-07 19:02:14,883 - INFO - Task 'Arithmetic Addition' with input '2 + 3' yielded: Success: 2 + 3
2025-04-07 19:02:14,883 - INFO - Task 'Reverse String' with input 'WORLD' yielded: Success: world
2025-04-07 19:02:14,883 - INFO - Sending query to Grok-2...
2025-04-07 19:02:31,091 - INFO - HTTP Request: POST https://api.x.ai/v1/chat/completions "HTTP/1.1 200 OK"
2025-04-07 19:02:31,100 - INFO - Generation 3 logged.
2025-04-07 19:02:31,100 - INFO - Generation 3: Fitness: 2.2222, Tools: 2
2025-04-07 19:02:31,108 - INFO - Grok insight (first 200 chars): To analyze and suggest improvements for the AI agent with the given parameters, let's break down the key components and their implications:

### Current Parameters and Analysis

1. **Alpha (Learning R...
2025-04-07 19:02:31,114 - INFO - === Generation 4 ===
2025-04-07 19:02:31,115 - INFO - Task 'Lowercase Conversion' with input 'HELLO WORLD' yielded: Success: hello world
2025-04-07 19:02:31,115 - INFO - Task 'Arithmetic Addition' with input '2 + 3' yielded: Success: 2 + 3
2025-04-07 19:02:31,116 - INFO - Task 'Reverse String' with input 'WORLD' yielded: Success: world
2025-04-07 19:02:31,116 - INFO - Sending query to Grok-2...
2025-04-07 19:02:52,666 - INFO - HTTP Request: POST https://api.x.ai/v1/chat/completions "HTTP/1.1 200 OK"
2025-04-07 19:02:52,673 - INFO - Generation 4 logged.
2025-04-07 19:02:52,673 - INFO - Generation 4: Fitness: 2.6621, Tools: 2
2025-04-07 19:02:52,673 - INFO - Grok insight (first 200 chars): Let's analyze the given AI agent and suggest improvements for task-solving and adaptability. We'll break this down into several steps:

1. **Analysis of Current Parameters:**

   - **Alpha (Learning R...
2025-04-07 19:02:52,678 - INFO - === Generation 5 ===
2025-04-07 19:02:52,679 - INFO - Task 'Lowercase Conversion' with input 'HELLO WORLD' yielded: Success: hello world
2025-04-07 19:02:52,679 - INFO - Task 'Arithmetic Addition' with input '2 + 3' yielded: Success: 2 + 3
2025-04-07 19:02:52,680 - INFO - Task 'Reverse String' with input 'WORLD' yielded: Success: world
2025-04-07 19:02:52,680 - INFO - Sending query to Grok-2...
2025-04-07 19:03:12,302 - INFO - HTTP Request: POST https://api.x.ai/v1/chat/completions "HTTP/1.1 200 OK"
2025-04-07 19:03:12,350 - INFO - Generation 5 logged.
2025-04-07 19:03:12,350 - INFO - Generation 5: Fitness: 3.0000, Tools: 2
2025-04-07 19:03:12,350 - INFO - Grok insight (first 200 chars): Let's analyze the given AI agent and suggest improvements for task-solving and adaptability. We'll break this down into several steps:

1. **Parameter Analysis:**
   - **Alpha (Learning Rate):** 1.00
...
2025-04-07 19:03:12,357 - INFO - === Generation 6 ===
2025-04-07 19:03:12,358 - INFO - Task 'Lowercase Conversion' with input 'HELLO WORLD' yielded: Success: hello world
2025-04-07 19:03:12,358 - INFO - Task 'Arithmetic Addition' with input '2 + 3' yielded: Success: 2 + 3
2025-04-07 19:03:12,358 - INFO - Task 'Reverse String' with input 'WORLD' yielded: Success: world
2025-04-07 19:03:12,359 - INFO - Sending query to Grok-2...
2025-04-07 19:03:33,263 - INFO - HTTP Request: POST https://api.x.ai/v1/chat/completions "HTTP/1.1 200 OK"
2025-04-07 19:03:33,276 - INFO - Generation 6 logged.
2025-04-07 19:03:33,277 - INFO - Generation 6: Fitness: 3.0000, Tools: 2
2025-04-07 19:03:33,277 - INFO - Grok insight (first 200 chars): Let's analyze the given AI agent and suggest improvements for task-solving and adaptability. We'll break this down into several steps:

1. **Current Agent Parameters Analysis:**

   - **Alpha (Learnin...
2025-04-07 19:03:33,284 - INFO - === Generation 7 ===
2025-04-07 19:03:33,285 - INFO - Task 'Lowercase Conversion' with input 'HELLO WORLD' yielded: Success: hello world
2025-04-07 19:03:33,285 - INFO - Task 'Arithmetic Addition' with input '2 + 3' yielded: Success: 2 + 3
2025-04-07 19:03:33,285 - INFO - Task 'Reverse String' with input 'WORLD' yielded: Success: world
2025-04-07 19:03:33,285 - INFO - Sending query to Grok-2...
2025-04-07 19:03:48,141 - INFO - HTTP Request: POST https://api.x.ai/v1/chat/completions "HTTP/1.1 200 OK"
2025-04-07 19:03:48,161 - INFO - Generation 7 logged.
2025-04-07 19:03:48,161 - INFO - Generation 7: Fitness: 3.0000, Tools: 2
2025-04-07 19:03:48,161 - INFO - Grok insight (first 200 chars): To analyze and suggest improvements for the AI agent with the given parameters, let's break down the key components and their implications:

1. **Parameters Analysis:**

   - **Alpha (Learning Rate):*...
2025-04-07 19:03:48,169 - INFO - === Generation 8 ===
2025-04-07 19:03:48,170 - INFO - Task 'Lowercase Conversion' with input 'HELLO WORLD' yielded: Success: hello world
2025-04-07 19:03:48,170 - INFO - Task 'Arithmetic Addition' with input '2 + 3' yielded: Success: 2 + 3
2025-04-07 19:03:48,170 - INFO - Task 'Reverse String' with input 'WORLD' yielded: Success: world
2025-04-07 19:03:48,171 - INFO - Sending query to Grok-2...
2025-04-07 19:04:08,826 - INFO - HTTP Request: POST https://api.x.ai/v1/chat/completions "HTTP/1.1 200 OK"
2025-04-07 19:04:08,843 - INFO - Generation 8 logged.
2025-04-07 19:04:08,843 - INFO - Generation 8: Fitness: 3.0000, Tools: 2
2025-04-07 19:04:08,843 - INFO - Grok insight (first 200 chars): To analyze and suggest improvements for the AI agent with the given parameters, let's break down the key components and their implications:

### Current Parameters and Analysis

1. **Alpha (Learning R...
2025-04-07 19:04:08,849 - INFO - === Generation 9 ===
2025-04-07 19:04:08,849 - INFO - Task 'Lowercase Conversion' with input 'HELLO WORLD' yielded: Success: hello world
2025-04-07 19:04:08,850 - INFO - Task 'Arithmetic Addition' with input '2 + 3' yielded: Success: 2 + 3
2025-04-07 19:04:08,850 - INFO - Task 'Reverse String' with input 'WORLD' yielded: Success: world
2025-04-07 19:04:08,850 - INFO - Sending query to Grok-2...
2025-04-07 19:04:28,284 - INFO - HTTP Request: POST https://api.x.ai/v1/chat/completions "HTTP/1.1 200 OK"
2025-04-07 19:04:28,334 - INFO - Generation 9 logged.
2025-04-07 19:04:28,334 - INFO - Generation 9: Fitness: 3.0000, Tools: 2
2025-04-07 19:04:28,334 - INFO - Grok insight (first 200 chars): Let's analyze the given AI agent and suggest improvements for task-solving and adaptability. We'll break this down into several steps:

1. **Current Agent Analysis:**

   - **Alpha (Learning Rate):** ...
2025-04-07 19:04:28,340 - INFO - === Generation 10 ===
2025-04-07 19:04:28,341 - INFO - Task 'Lowercase Conversion' with input 'HELLO WORLD' yielded: Success: hello world
2025-04-07 19:04:28,341 - INFO - Task 'Arithmetic Addition' with input '2 + 3' yielded: Success: 2 + 3
2025-04-07 19:04:28,342 - INFO - Task 'Reverse String' with input 'WORLD' yielded: Success: world
2025-04-07 19:04:28,342 - INFO - Sending query to Grok-2...
2025-04-07 19:04:44,565 - INFO - HTTP Request: POST https://api.x.ai/v1/chat/completions "HTTP/1.1 200 OK"
2025-04-07 19:04:44,593 - INFO - Generation 10 logged.
2025-04-07 19:04:44,593 - INFO - Generation 10: Fitness: 3.0000, Tools: 2
2025-04-07 19:04:44,593 - INFO - Grok insight (first 200 chars): To analyze and suggest improvements for the AI agent with the given parameters, let's break down the key components and their implications:

### Current Parameters and Analysis

1. **Alpha (Learning R...
2025-04-07 19:04:44,602 - INFO - === Generation 11 ===
2025-04-07 19:04:44,607 - INFO - Task 'Lowercase Conversion' with input 'HELLO WORLD' yielded: Success: hello world
2025-04-07 19:04:44,608 - INFO - Task 'Arithmetic Addition' with input '2 + 3' yielded: Success: 2 + 3
2025-04-07 19:04:44,608 - INFO - Task 'Reverse String' with input 'WORLD' yielded: Success: world
2025-04-07 19:04:44,609 - INFO - Sending query to Grok-2...
2025-04-07 19:05:05,659 - INFO - HTTP Request: POST https://api.x.ai/v1/chat/completions "HTTP/1.1 200 OK"
2025-04-07 19:05:05,678 - INFO - Generation 11 logged.
2025-04-07 19:05:05,679 - INFO - Generation 11: Fitness: 3.0000, Tools: 2
2025-04-07 19:05:05,679 - INFO - Grok insight (first 200 chars): Let's analyze the given AI agent and suggest improvements for task-solving and adaptability. We'll break this down into several steps:

1. **Analysis of Current Parameters:**
   - **Alpha (Learning Ra...
2025-04-07 19:05:05,685 - INFO - === Generation 12 ===
2025-04-07 19:05:05,686 - INFO - Task 'Lowercase Conversion' with input 'HELLO WORLD' yielded: Success: hello world
2025-04-07 19:05:05,687 - INFO - Task 'Arithmetic Addition' with input '2 + 3' yielded: Success: 2 + 3
2025-04-07 19:05:05,687 - INFO - Task 'Reverse String' with input 'WORLD' yielded: Success: world
2025-04-07 19:05:05,687 - INFO - Sending query to Grok-2...
2025-04-07 19:05:20,720 - INFO - HTTP Request: POST https://api.x.ai/v1/chat/completions "HTTP/1.1 200 OK"
2025-04-07 19:05:20,738 - INFO - Generation 12 logged.
2025-04-07 19:05:20,738 - INFO - Generation 12: Fitness: 3.0000, Tools: 2
2025-04-07 19:05:20,738 - INFO - Grok insight (first 200 chars): To analyze and suggest improvements for the AI agent with the given parameters, let's break down the key components and their implications:

### Current Parameters and Analysis

1. **Alpha (Learning R...
2025-04-07 19:05:20,743 - INFO - === Generation 13 ===
2025-04-07 19:05:20,744 - INFO - Task 'Lowercase Conversion' with input 'HELLO WORLD' yielded: Success: hello world
2025-04-07 19:05:20,744 - INFO - Task 'Arithmetic Addition' with input '2 + 3' yielded: Success: 2 + 3
2025-04-07 19:05:20,744 - INFO - Task 'Reverse String' with input 'WORLD' yielded: Success: world
2025-04-07 19:05:20,744 - INFO - Sending query to Grok-2...
