2025-04-07 20:23:25,694 - WARNING - GPU not available, using CPU
2025-04-07 20:23:28,249 - INFO - Initialized with default tentacle
2025-04-07 20:23:28,254 - WARNING - Not enough tentacles to evolve
2025-04-07 20:23:28,255 - INFO - Iteration 0: Action=evolve_tentacle, Reward=-1.0, State=[1.0, 0.0, 0.0, 78.19999694824219, 87.19999694824219]
2025-04-07 20:23:29,256 - WARNING - Not enough tentacles to evolve
2025-04-07 20:23:29,259 - INFO - Iteration 1: Action=evolve_tentacle, Reward=-1.0, State=[1.0, 0.0, 0.0, 78.69999694824219, 87.5]
2025-04-07 20:23:30,262 - WARNING - No tentacles for domain: logic
2025-04-07 20:23:30,263 - INFO - Iteration 2: Action=test_tentacles, Reward=-1.0, State=[1.0, 0.0, 0.0, 90.30000305175781, 87.5]
2025-04-07 20:23:33,538 - INFO - HTTP Request: POST https://api.x.ai/v1/chat/completions "HTTP/1.1 200 OK"
2025-04-07 20:23:33,587 - INFO - Fetched knowledge for domain: natural language processing
2025-04-07 20:23:33,595 - INFO - Iteration 3: Action=fetch_knowledge, Reward=1.0, State=[1.0, 0.0, 0.0, 99.5999984741211, 87.5999984741211]
2025-04-07 20:23:34,596 - INFO - Tested tentacle 1 on challenge 5: Reward 0.0
2025-04-07 20:23:34,596 - INFO - Iteration 4: Action=test_tentacles, Reward=0.0, State=[1.0, 0.0, 1.0, 98.0, 87.69999694824219]
2025-04-07 20:23:37,426 - INFO - HTTP Request: POST https://api.x.ai/v1/chat/completions "HTTP/1.1 200 OK"
2025-04-07 20:23:37,444 - INFO - Fetched knowledge for domain: text processing
2025-04-07 20:23:37,448 - INFO - Iteration 5: Action=fetch_knowledge, Reward=1.0, State=[1.0, 0.0, 1.0, 97.5, 87.69999694824219]
2025-04-07 20:23:38,456 - INFO - Deleted tentacle 1 due to high resource usage
2025-04-07 20:23:38,456 - INFO - Iteration 6: Action=optimize_resources, Reward=1.0, State=[1.0, 0.0, 2.0, 96.5999984741211, 87.9000015258789]
2025-04-07 20:23:42,238 - INFO - HTTP Request: POST https://api.x.ai/v1/chat/completions "HTTP/1.1 200 OK"
2025-04-07 20:23:42,254 - INFO - Fetched knowledge for domain: data analysis
2025-04-07 20:23:42,257 - INFO - Iteration 7: Action=fetch_knowledge, Reward=1.0, State=[0.0, 0.0, 2.0, 98.9000015258789, 88.0999984741211]
2025-04-07 20:23:43,258 - INFO - Iteration 8: Action=optimize_resources, Reward=0.0, State=[0.0, 0.0, 3.0, 30.200000762939453, 88.69999694824219]
2025-04-07 20:23:44,259 - WARNING - No tentacles for domain: text processing
2025-04-07 20:23:44,260 - INFO - Iteration 9: Action=test_tentacles, Reward=-1.0, State=[0.0, 0.0, 3.0, 56.29999923706055, 88.5999984741211]
2025-04-07 20:23:47,973 - INFO - HTTP Request: POST https://api.x.ai/v1/chat/completions "HTTP/1.1 200 OK"
2025-04-07 20:23:47,992 - INFO - Fetched knowledge for domain: logic
2025-04-07 20:23:47,995 - INFO - Iteration 10: Action=fetch_knowledge, Reward=1.0, State=[0.0, 0.0, 3.0, 83.5999984741211, 88.5999984741211]
2025-04-07 20:23:48,998 - WARNING - Not enough tentacles to evolve
2025-04-07 20:23:48,998 - INFO - Iteration 11: Action=evolve_tentacle, Reward=-1.0, State=[0.0, 0.0, 4.0, 92.0999984741211, 89.0]
2025-04-07 20:23:50,000 - INFO - Iteration 12: Action=optimize_resources, Reward=0.0, State=[0.0, 0.0, 4.0, 83.4000015258789, 89.4000015258789]
2025-04-07 20:23:51,002 - INFO - Iteration 13: Action=optimize_resources, Reward=0.0, State=[0.0, 0.0, 4.0, 92.4000015258789, 89.4000015258789]
2025-04-07 20:23:54,117 - INFO - HTTP Request: POST https://api.x.ai/v1/chat/completions "HTTP/1.1 200 OK"
2025-04-07 20:23:54,133 - INFO - Fetched knowledge for domain: natural language processing
2025-04-07 20:23:54,137 - INFO - Iteration 14: Action=fetch_knowledge, Reward=1.0, State=[0.0, 0.0, 4.0, 92.30000305175781, 89.19999694824219]
2025-04-07 20:23:55,138 - INFO - Iteration 15: Action=optimize_resources, Reward=0.0, State=[0.0, 0.0, 4.0, 89.0, 89.5999984741211]
2025-04-07 20:23:56,139 - WARNING - No tentacles for domain: mathematics
2025-04-07 20:23:56,140 - INFO - Iteration 16: Action=test_tentacles, Reward=-1.0, State=[0.0, 0.0, 4.0, 76.80000305175781, 89.5999984741211]
2025-04-07 20:23:57,141 - INFO - Iteration 17: Action=optimize_resources, Reward=0.0, State=[0.0, 0.0, 4.0, 51.099998474121094, 89.5999984741211]
2025-04-07 20:23:58,142 - WARNING - Not enough tentacles to evolve
2025-04-07 20:23:58,142 - INFO - Iteration 18: Action=evolve_tentacle, Reward=-1.0, State=[0.0, 0.0, 4.0, 30.600000381469727, 89.5999984741211]
2025-04-07 20:23:59,144 - INFO - Iteration 19: Action=optimize_resources, Reward=0.0, State=[0.0, 0.0, 4.0, 56.099998474121094, 89.69999694824219]
2025-04-07 20:24:00,145 - INFO - Iteration 20: Action=optimize_resources, Reward=0.0, State=[0.0, 0.0, 4.0, 93.0, 89.9000015258789]
2025-04-07 20:24:03,436 - INFO - HTTP Request: POST https://api.x.ai/v1/chat/completions "HTTP/1.1 200 OK"
2025-04-07 20:24:03,453 - INFO - Fetched knowledge for domain: natural language processing
2025-04-07 20:24:03,457 - INFO - Iteration 21: Action=fetch_knowledge, Reward=1.0, State=[0.0, 0.0, 4.0, 92.0999984741211, 90.0]
2025-04-07 20:24:04,459 - WARNING - No tentacles for domain: logic
2025-04-07 20:24:04,459 - INFO - Iteration 22: Action=test_tentacles, Reward=-1.0, State=[0.0, 0.0, 4.0, 91.19999694824219, 90.19999694824219]
2025-04-07 20:24:07,737 - INFO - HTTP Request: POST https://api.x.ai/v1/chat/completions "HTTP/1.1 200 OK"
2025-04-07 20:24:07,758 - INFO - Fetched knowledge for domain: data analysis
2025-04-07 20:24:07,761 - INFO - Iteration 23: Action=fetch_knowledge, Reward=1.0, State=[0.0, 0.0, 4.0, 97.4000015258789, 90.69999694824219]
2025-04-07 20:24:10,642 - INFO - HTTP Request: POST https://api.x.ai/v1/chat/completions "HTTP/1.1 200 OK"
2025-04-07 20:24:10,667 - INFO - Fetched knowledge for domain: logic
2025-04-07 20:24:10,670 - INFO - Iteration 24: Action=fetch_knowledge, Reward=1.0, State=[0.0, 0.0, 4.0, 93.30000305175781, 90.4000015258789]
2025-04-07 20:24:13,942 - INFO - HTTP Request: POST https://api.x.ai/v1/chat/completions "HTTP/1.1 200 OK"
2025-04-07 20:24:13,959 - INFO - Fetched knowledge for domain: natural language processing
2025-04-07 20:24:13,962 - INFO - Iteration 25: Action=fetch_knowledge, Reward=1.0, State=[0.0, 0.0, 4.0, 94.5, 90.4000015258789]
2025-04-07 20:24:16,850 - INFO - HTTP Request: POST https://api.x.ai/v1/chat/completions "HTTP/1.1 200 OK"
2025-04-07 20:24:16,870 - INFO - Fetched knowledge for domain: text processing
2025-04-07 20:24:16,874 - INFO - Iteration 26: Action=fetch_knowledge, Reward=1.0, State=[0.0, 0.0, 4.0, 89.69999694824219, 90.69999694824219]
2025-04-07 20:24:17,876 - INFO - Iteration 27: Action=optimize_resources, Reward=0.0, State=[0.0, 0.0, 4.0, 98.19999694824219, 90.80000305175781]
2025-04-07 20:24:21,458 - INFO - HTTP Request: POST https://api.x.ai/v1/chat/completions "HTTP/1.1 200 OK"
2025-04-07 20:24:21,475 - INFO - Fetched knowledge for domain: natural language processing
2025-04-07 20:24:21,478 - INFO - Iteration 28: Action=fetch_knowledge, Reward=1.0, State=[0.0, 0.0, 4.0, 97.0999984741211, 90.9000015258789]
2025-04-07 20:24:24,531 - INFO - HTTP Request: POST https://api.x.ai/v1/chat/completions "HTTP/1.1 200 OK"
2025-04-07 20:24:24,548 - INFO - Fetched knowledge for domain: text processing
2025-04-07 20:24:24,552 - INFO - Iteration 29: Action=fetch_knowledge, Reward=1.0, State=[0.0, 0.0, 4.0, 93.30000305175781, 91.0999984741211]
2025-04-07 20:24:25,553 - WARNING - Not enough tentacles to evolve
2025-04-07 20:24:25,553 - INFO - Iteration 30: Action=evolve_tentacle, Reward=-1.0, State=[0.0, 0.0, 4.0, 93.69999694824219, 91.30000305175781]
2025-04-07 20:24:33,135 - INFO - HTTP Request: POST https://api.x.ai/v1/chat/completions "HTTP/1.1 200 OK"
2025-04-07 20:24:33,153 - INFO - Fetched knowledge for domain: mathematics
2025-04-07 20:24:33,321 - INFO - Iteration 31: Action=fetch_knowledge, Reward=1.0, State=[0.0, 0.0, 4.0, 87.9000015258789, 91.5]
2025-04-07 20:24:34,323 - WARNING - Not enough tentacles to evolve
2025-04-07 20:24:34,433 - INFO - Iteration 32: Action=evolve_tentacle, Reward=-1.0, State=[0.0, 0.0, 5.0, 93.80000305175781, 92.19999694824219]
2025-04-07 20:24:35,434 - WARNING - Not enough tentacles to evolve
2025-04-07 20:24:35,551 - INFO - Iteration 33: Action=evolve_tentacle, Reward=-1.0, State=[0.0, 0.0, 5.0, 94.0999984741211, 92.30000305175781]
2025-04-07 20:24:36,552 - WARNING - No tentacles for domain: data analysis
2025-04-07 20:24:36,609 - INFO - Iteration 34: Action=test_tentacles, Reward=-1.0, State=[0.0, 0.0, 5.0, 93.9000015258789, 92.30000305175781]
2025-04-07 20:24:37,610 - WARNING - Not enough tentacles to evolve
2025-04-07 20:24:37,696 - INFO - Iteration 35: Action=evolve_tentacle, Reward=-1.0, State=[0.0, 0.0, 5.0, 95.19999694824219, 92.4000015258789]
2025-04-07 20:24:38,805 - INFO - Iteration 36: Action=optimize_resources, Reward=0.0, State=[0.0, 0.0, 5.0, 92.4000015258789, 92.5999984741211]
2025-04-07 20:24:39,944 - INFO - Iteration 37: Action=optimize_resources, Reward=0.0, State=[0.0, 0.0, 5.0, 77.19999694824219, 92.5999984741211]
2025-04-07 20:24:40,945 - WARNING - No tentacles for domain: data analysis
2025-04-07 20:24:41,102 - INFO - Iteration 38: Action=test_tentacles, Reward=-1.0, State=[0.0, 0.0, 5.0, 95.9000015258789, 92.69999694824219]
2025-04-07 20:24:42,102 - WARNING - Not enough tentacles to evolve
2025-04-07 20:24:42,198 - INFO - Iteration 39: Action=evolve_tentacle, Reward=-1.0, State=[0.0, 0.0, 5.0, 88.69999694824219, 92.80000305175781]
2025-04-07 20:24:43,199 - WARNING - No tentacles for domain: data analysis
2025-04-07 20:24:43,271 - INFO - Iteration 40: Action=test_tentacles, Reward=-1.0, State=[0.0, 0.0, 5.0, 55.099998474121094, 92.5999984741211]
2025-04-07 20:24:44,272 - WARNING - No tentacles for domain: data analysis
2025-04-07 20:24:44,360 - INFO - Iteration 41: Action=test_tentacles, Reward=-1.0, State=[0.0, 0.0, 5.0, 65.69999694824219, 92.69999694824219]
2025-04-07 20:24:48,186 - INFO - HTTP Request: POST https://api.x.ai/v1/chat/completions "HTTP/1.1 200 OK"
2025-04-07 20:24:48,205 - INFO - Fetched knowledge for domain: text processing
2025-04-07 20:24:48,347 - INFO - Iteration 42: Action=fetch_knowledge, Reward=1.0, State=[0.0, 0.0, 5.0, 86.5, 92.80000305175781]
2025-04-07 20:24:49,348 - WARNING - Not enough tentacles to evolve
2025-04-07 20:24:49,422 - INFO - Iteration 43: Action=evolve_tentacle, Reward=-1.0, State=[0.0, 0.0, 5.0, 96.0, 93.0999984741211]
2025-04-07 20:24:50,424 - WARNING - Not enough tentacles to evolve
2025-04-07 20:24:50,608 - INFO - Iteration 44: Action=evolve_tentacle, Reward=-1.0, State=[0.0, 0.0, 5.0, 98.5999984741211, 93.0999984741211]
2025-04-07 20:24:51,712 - INFO - Iteration 45: Action=optimize_resources, Reward=0.0, State=[0.0, 0.0, 5.0, 98.0999984741211, 93.0999984741211]
2025-04-07 20:24:54,944 - INFO - HTTP Request: POST https://api.x.ai/v1/chat/completions "HTTP/1.1 200 OK"
2025-04-07 20:24:54,961 - INFO - Fetched knowledge for domain: natural language processing
2025-04-07 20:24:55,181 - INFO - Iteration 46: Action=fetch_knowledge, Reward=1.0, State=[0.0, 0.0, 5.0, 98.80000305175781, 93.19999694824219]
2025-04-07 20:24:56,182 - WARNING - Not enough tentacles to evolve
2025-04-07 20:24:56,280 - INFO - Iteration 47: Action=evolve_tentacle, Reward=-1.0, State=[0.0, 0.0, 5.0, 84.0999984741211, 93.5]
2025-04-07 20:25:01,497 - INFO - HTTP Request: POST https://api.x.ai/v1/chat/completions "HTTP/1.1 200 OK"
2025-04-07 20:25:01,531 - INFO - Fetched knowledge for domain: mathematics
2025-04-07 20:25:01,704 - INFO - Iteration 48: Action=fetch_knowledge, Reward=1.0, State=[0.0, 0.0, 5.0, 99.0, 93.30000305175781]
2025-04-07 20:25:02,705 - WARNING - Not enough tentacles to evolve
2025-04-07 20:25:02,826 - INFO - Iteration 49: Action=evolve_tentacle, Reward=-1.0, State=[0.0, 0.0, 5.0, 98.4000015258789, 84.5999984741211]
2025-04-07 20:25:06,617 - INFO - HTTP Request: POST https://api.x.ai/v1/chat/completions "HTTP/1.1 200 OK"
2025-04-07 20:25:06,664 - INFO - Fetched knowledge for domain: logic
2025-04-07 20:25:06,772 - INFO - Iteration 50: Action=fetch_knowledge, Reward=1.0, State=[0.0, 0.0, 5.0, 95.19999694824219, 84.69999694824219]
2025-04-07 20:25:07,773 - WARNING - No tentacles for domain: data analysis
2025-04-07 20:25:07,899 - INFO - Iteration 51: Action=test_tentacles, Reward=-1.0, State=[0.0, 0.0, 5.0, 98.0999984741211, 84.80000305175781]
2025-04-07 20:25:11,098 - INFO - HTTP Request: POST https://api.x.ai/v1/chat/completions "HTTP/1.1 200 OK"
2025-04-07 20:25:11,117 - INFO - Fetched knowledge for domain: text processing
2025-04-07 20:25:11,186 - INFO - Iteration 52: Action=fetch_knowledge, Reward=1.0, State=[0.0, 0.0, 5.0, 99.30000305175781, 85.19999694824219]
2025-04-07 20:25:14,160 - INFO - HTTP Request: POST https://api.x.ai/v1/chat/completions "HTTP/1.1 200 OK"
2025-04-07 20:25:14,176 - INFO - Fetched knowledge for domain: data analysis
2025-04-07 20:25:14,258 - INFO - Iteration 53: Action=fetch_knowledge, Reward=1.0, State=[0.0, 0.0, 5.0, 94.30000305175781, 85.0]
2025-04-07 20:25:15,326 - INFO - Iteration 54: Action=optimize_resources, Reward=0.0, State=[0.0, 0.0, 5.0, 50.79999923706055, 85.19999694824219]
2025-04-07 20:25:16,327 - WARNING - Not enough tentacles to evolve
2025-04-07 20:25:16,380 - INFO - Iteration 55: Action=evolve_tentacle, Reward=-1.0, State=[0.0, 0.0, 5.0, 75.0999984741211, 85.19999694824219]
2025-04-07 20:25:18,701 - INFO - HTTP Request: POST https://api.x.ai/v1/chat/completions "HTTP/1.1 200 OK"
2025-04-07 20:25:18,742 - INFO - Fetched knowledge for domain: data analysis
2025-04-07 20:25:18,868 - INFO - Iteration 56: Action=fetch_knowledge, Reward=1.0, State=[0.0, 0.0, 5.0, 76.4000015258789, 85.30000305175781]
2025-04-07 20:25:23,513 - INFO - HTTP Request: POST https://api.x.ai/v1/chat/completions "HTTP/1.1 200 OK"
2025-04-07 20:25:23,559 - INFO - Fetched knowledge for domain: mathematics
2025-04-07 20:25:23,691 - INFO - Iteration 57: Action=fetch_knowledge, Reward=1.0, State=[0.0, 0.0, 5.0, 91.19999694824219, 85.69999694824219]
2025-04-07 20:25:27,507 - INFO - HTTP Request: POST https://api.x.ai/v1/chat/completions "HTTP/1.1 200 OK"
2025-04-07 20:25:27,552 - INFO - Fetched knowledge for domain: text processing
2025-04-07 20:25:27,623 - INFO - Iteration 58: Action=fetch_knowledge, Reward=1.0, State=[0.0, 0.0, 5.0, 91.69999694824219, 85.30000305175781]
2025-04-07 20:25:31,194 - INFO - HTTP Request: POST https://api.x.ai/v1/chat/completions "HTTP/1.1 200 OK"
2025-04-07 20:25:31,238 - INFO - Fetched knowledge for domain: data analysis
2025-04-07 20:25:31,377 - INFO - Iteration 59: Action=fetch_knowledge, Reward=1.0, State=[0.0, 0.0, 5.0, 80.19999694824219, 85.30000305175781]
2025-04-07 20:25:32,378 - WARNING - Not enough tentacles to evolve
2025-04-07 20:25:32,540 - INFO - Iteration 60: Action=evolve_tentacle, Reward=-1.0, State=[0.0, 0.0, 5.0, 91.0999984741211, 85.19999694824219]
2025-04-07 20:25:33,541 - WARNING - No tentacles for domain: mathematics
2025-04-07 20:25:33,629 - INFO - Iteration 61: Action=test_tentacles, Reward=-1.0, State=[0.0, 0.0, 5.0, 98.5999984741211, 85.4000015258789]
2025-04-07 20:25:34,748 - INFO - Iteration 62: Action=optimize_resources, Reward=0.0, State=[0.0, 0.0, 5.0, 92.69999694824219, 85.5]
2025-04-07 20:25:35,749 - WARNING - No tentacles for domain: data analysis
2025-04-07 20:25:35,815 - INFO - Iteration 63: Action=test_tentacles, Reward=-1.0, State=[0.0, 0.0, 5.0, 85.5999984741211, 85.4000015258789]
2025-04-07 20:25:36,925 - INFO - Iteration 64: Action=optimize_resources, Reward=0.0, State=[0.0, 0.0, 5.0, 96.4000015258789, 85.5999984741211]
2025-04-07 20:25:40,105 - INFO - HTTP Request: POST https://api.x.ai/v1/chat/completions "HTTP/1.1 200 OK"
2025-04-07 20:25:40,130 - INFO - Fetched knowledge for domain: text processing
2025-04-07 20:25:40,346 - INFO - Iteration 65: Action=fetch_knowledge, Reward=1.0, State=[0.0, 0.0, 5.0, 99.4000015258789, 85.69999694824219]
2025-04-07 20:25:43,101 - INFO - HTTP Request: POST https://api.x.ai/v1/chat/completions "HTTP/1.1 200 OK"
2025-04-07 20:25:43,147 - INFO - Fetched knowledge for domain: logic
2025-04-07 20:25:43,260 - INFO - Iteration 66: Action=fetch_knowledge, Reward=1.0, State=[0.0, 0.0, 5.0, 99.5, 85.80000305175781]
2025-04-07 20:25:44,261 - WARNING - Not enough tentacles to evolve
2025-04-07 20:25:44,400 - INFO - Iteration 67: Action=evolve_tentacle, Reward=-1.0, State=[0.0, 0.0, 5.0, 96.30000305175781, 85.80000305175781]
2025-04-07 20:25:48,175 - INFO - HTTP Request: POST https://api.x.ai/v1/chat/completions "HTTP/1.1 200 OK"
2025-04-07 20:25:48,199 - INFO - Fetched knowledge for domain: logic
2025-04-07 20:25:48,348 - INFO - Iteration 68: Action=fetch_knowledge, Reward=1.0, State=[0.0, 0.0, 5.0, 70.80000305175781, 85.69999694824219]
2025-04-07 20:25:49,349 - WARNING - Not enough tentacles to evolve
2025-04-07 20:25:49,614 - INFO - Iteration 69: Action=evolve_tentacle, Reward=-1.0, State=[0.0, 0.0, 5.0, 95.80000305175781, 86.4000015258789]
2025-04-07 20:25:50,617 - WARNING - No tentacles for domain: mathematics
2025-04-07 20:25:50,754 - INFO - Iteration 70: Action=test_tentacles, Reward=-1.0, State=[0.0, 0.0, 5.0, 95.69999694824219, 86.19999694824219]
2025-04-07 20:25:51,756 - WARNING - No tentacles for domain: mathematics
2025-04-07 20:25:51,887 - INFO - Iteration 71: Action=test_tentacles, Reward=-1.0, State=[0.0, 0.0, 5.0, 98.0999984741211, 86.30000305175781]
2025-04-07 20:25:52,888 - WARNING - No tentacles for domain: text processing
2025-04-07 20:25:53,125 - INFO - Iteration 72: Action=test_tentacles, Reward=-1.0, State=[0.0, 0.0, 5.0, 97.9000015258789, 86.4000015258789]
2025-04-07 20:25:54,126 - WARNING - No tentacles for domain: mathematics
2025-04-07 20:25:54,459 - INFO - Iteration 73: Action=test_tentacles, Reward=-1.0, State=[0.0, 0.0, 5.0, 98.0, 86.4000015258789]
2025-04-07 20:25:55,460 - WARNING - Not enough tentacles to evolve
2025-04-07 20:25:55,648 - INFO - Iteration 74: Action=evolve_tentacle, Reward=-1.0, State=[0.0, 0.0, 5.0, 99.5999984741211, 86.5]
2025-04-07 20:25:56,649 - WARNING - No tentacles for domain: mathematics
2025-04-07 20:25:56,745 - INFO - Iteration 75: Action=test_tentacles, Reward=-1.0, State=[0.0, 0.0, 5.0, 97.5, 86.5999984741211]
2025-04-07 20:26:00,919 - INFO - HTTP Request: POST https://api.x.ai/v1/chat/completions "HTTP/1.1 200 OK"
2025-04-07 20:26:00,936 - INFO - Fetched knowledge for domain: logic
2025-04-07 20:26:01,015 - INFO - Iteration 76: Action=fetch_knowledge, Reward=1.0, State=[0.0, 0.0, 5.0, 97.9000015258789, 87.0]
2025-04-07 20:26:02,016 - WARNING - No tentacles for domain: mathematics
2025-04-07 20:26:02,082 - INFO - Iteration 77: Action=test_tentacles, Reward=-1.0, State=[0.0, 0.0, 5.0, 75.30000305175781, 86.9000015258789]
2025-04-07 20:26:03,083 - WARNING - No tentacles for domain: data analysis
2025-04-07 20:26:03,166 - INFO - Iteration 78: Action=test_tentacles, Reward=-1.0, State=[0.0, 0.0, 5.0, 64.19999694824219, 87.30000305175781]
2025-04-07 20:26:04,167 - WARNING - No tentacles for domain: logic
2025-04-07 20:26:04,268 - INFO - Iteration 79: Action=test_tentacles, Reward=-1.0, State=[0.0, 0.0, 5.0, 66.5999984741211, 86.80000305175781]
2025-04-07 20:26:05,271 - WARNING - Not enough tentacles to evolve
2025-04-07 20:26:05,383 - INFO - Iteration 80: Action=evolve_tentacle, Reward=-1.0, State=[0.0, 0.0, 5.0, 90.0999984741211, 86.9000015258789]
2025-04-07 20:26:10,515 - INFO - HTTP Request: POST https://api.x.ai/v1/chat/completions "HTTP/1.1 200 OK"
2025-04-07 20:26:10,532 - INFO - Fetched knowledge for domain: mathematics
2025-04-07 20:26:10,647 - INFO - Iteration 81: Action=fetch_knowledge, Reward=1.0, State=[0.0, 0.0, 5.0, 99.5999984741211, 87.0]
2025-04-07 20:26:16,044 - INFO - HTTP Request: POST https://api.x.ai/v1/chat/completions "HTTP/1.1 200 OK"
2025-04-07 20:26:16,082 - INFO - Fetched knowledge for domain: mathematics
2025-04-07 20:26:16,153 - INFO - Iteration 82: Action=fetch_knowledge, Reward=1.0, State=[0.0, 0.0, 5.0, 96.30000305175781, 86.5999984741211]
2025-04-07 20:26:17,154 - WARNING - Not enough tentacles to evolve
2025-04-07 20:26:17,207 - INFO - Iteration 83: Action=evolve_tentacle, Reward=-1.0, State=[0.0, 0.0, 5.0, 49.29999923706055, 86.5]
2025-04-07 20:26:18,285 - INFO - Iteration 84: Action=optimize_resources, Reward=0.0, State=[0.0, 0.0, 5.0, 53.20000076293945, 86.5999984741211]
2025-04-07 20:26:19,285 - WARNING - No tentacles for domain: data analysis
2025-04-07 20:26:19,369 - INFO - Iteration 85: Action=test_tentacles, Reward=-1.0, State=[0.0, 0.0, 5.0, 90.0, 86.4000015258789]
2025-04-07 20:26:20,373 - WARNING - Not enough tentacles to evolve
2025-04-07 20:26:20,434 - INFO - Iteration 86: Action=evolve_tentacle, Reward=-1.0, State=[0.0, 0.0, 5.0, 98.0, 86.69999694824219]
2025-04-07 20:26:21,435 - WARNING - No tentacles for domain: text processing
2025-04-07 20:26:21,518 - INFO - Iteration 87: Action=test_tentacles, Reward=-1.0, State=[0.0, 0.0, 5.0, 94.5, 86.69999694824219]
2025-04-07 20:26:22,519 - WARNING - Not enough tentacles to evolve
2025-04-07 20:26:22,655 - INFO - Script stopped by user
2025-04-07 20:31:26,123 - WARNING - GPU not available, using CPU
2025-04-07 20:31:27,988 - INFO - Initialized 2 tentacles
2025-04-07 20:31:27,989 - WARNING - No tentacles for domain: data analysis
2025-04-07 20:31:27,990 - INFO - Iteration 0: Action=test_tentacles, Reward=-1.0, State=[2.0, 0.0, 5.0, 62.20000076293945, 87.5999984741211]
2025-04-07 20:31:34,001 - INFO - HTTP Request: POST https://api.x.ai/v1/chat/completions "HTTP/1.1 200 OK"
2025-04-07 20:31:34,095 - INFO - Evolved new tentacle: tentacle_4
2025-04-07 20:31:34,096 - INFO - Iteration 1: Action=evolve_tentacle, Reward=1.0, State=[2.0, 0.0, 5.0, 90.80000305175781, 87.5999984741211]
2025-04-07 20:31:35,097 - WARNING - No tentacles for domain: mathematics
2025-04-07 20:31:35,098 - INFO - Iteration 2: Action=test_tentacles, Reward=-1.0, State=[3.0, 0.0, 5.0, 85.0, 87.5]
2025-04-07 20:31:36,101 - WARNING - No tentacles for domain: data analysis
2025-04-07 20:31:36,102 - INFO - Iteration 3: Action=test_tentacles, Reward=-1.0, State=[3.0, 0.0, 5.0, 84.69999694824219, 87.5999984741211]
2025-04-07 20:31:37,103 - WARNING - No tentacles for domain: mathematics
2025-04-07 20:31:37,103 - INFO - Iteration 4: Action=test_tentacles, Reward=-1.0, State=[3.0, 0.0, 5.0, 84.0999984741211, 87.5999984741211]
2025-04-07 20:31:40,144 - INFO - HTTP Request: POST https://api.x.ai/v1/chat/completions "HTTP/1.1 200 OK"
2025-04-07 20:31:40,530 - INFO - Fetched knowledge for domain: logic
2025-04-07 20:31:40,532 - INFO - Iteration 5: Action=fetch_knowledge, Reward=1.0, State=[3.0, 0.0, 5.0, 76.19999694824219, 87.5999984741211]
2025-04-07 20:31:41,533 - WARNING - No tentacles for domain: natural language processing
2025-04-07 20:31:41,534 - INFO - Iteration 6: Action=test_tentacles, Reward=-1.0, State=[3.0, 0.0, 5.0, 49.20000076293945, 87.9000015258789]
2025-04-07 20:31:42,549 - INFO - Deleted tentacle 2 due to high resource usage
2025-04-07 20:31:42,550 - INFO - Iteration 7: Action=optimize_resources, Reward=1.0, State=[3.0, 0.0, 5.0, 64.5999984741211, 87.5999984741211]
2025-04-07 20:31:43,567 - INFO - Deleted tentacle 3 due to high resource usage
2025-04-07 20:31:43,568 - INFO - Iteration 8: Action=optimize_resources, Reward=1.0, State=[2.0, 0.0, 5.0, 82.0, 87.80000305175781]
2025-04-07 20:31:46,697 - INFO - HTTP Request: POST https://api.x.ai/v1/chat/completions "HTTP/1.1 200 OK"
2025-04-07 20:31:46,714 - INFO - Fetched knowledge for domain: natural language processing
2025-04-07 20:31:46,718 - INFO - Iteration 9: Action=fetch_knowledge, Reward=1.0, State=[1.0, 0.0, 5.0, 94.5999984741211, 87.80000305175781]
2025-04-07 20:31:47,738 - INFO - Deleted tentacle 4 due to high resource usage
2025-04-07 20:31:47,739 - INFO - Iteration 10: Action=optimize_resources, Reward=1.0, State=[1.0, 0.0, 5.0, 94.19999694824219, 88.0999984741211]
2025-04-07 20:31:48,740 - WARNING - Not enough tentacles to evolve
2025-04-07 20:31:48,741 - INFO - Iteration 11: Action=evolve_tentacle, Reward=-1.0, State=[0.0, 0.0, 5.0, 99.0, 88.4000015258789]
2025-04-07 20:31:49,742 - WARNING - Not enough tentacles to evolve
2025-04-07 20:31:49,742 - INFO - Iteration 12: Action=evolve_tentacle, Reward=-1.0, State=[0.0, 0.0, 5.0, 99.0, 88.69999694824219]
2025-04-07 20:31:50,745 - INFO - Iteration 13: Action=optimize_resources, Reward=0.0, State=[0.0, 0.0, 5.0, 93.5999984741211, 88.4000015258789]
2025-04-07 20:31:51,746 - WARNING - No tentacles for domain: text processing
2025-04-07 20:31:51,746 - INFO - Iteration 14: Action=test_tentacles, Reward=-1.0, State=[0.0, 0.0, 5.0, 96.5, 88.4000015258789]
2025-04-07 20:31:52,747 - WARNING - No tentacles for domain: natural language processing
2025-04-07 20:31:52,747 - INFO - Iteration 15: Action=test_tentacles, Reward=-1.0, State=[0.0, 0.0, 5.0, 95.69999694824219, 88.69999694824219]
2025-04-07 20:31:53,748 - WARNING - Not enough tentacles to evolve
2025-04-07 20:31:53,749 - INFO - Iteration 16: Action=evolve_tentacle, Reward=-1.0, State=[0.0, 0.0, 5.0, 92.69999694824219, 88.80000305175781]
2025-04-07 20:31:57,043 - INFO - HTTP Request: POST https://api.x.ai/v1/chat/completions "HTTP/1.1 200 OK"
2025-04-07 20:31:57,064 - INFO - Fetched knowledge for domain: text processing
2025-04-07 20:31:57,068 - INFO - Iteration 17: Action=fetch_knowledge, Reward=1.0, State=[0.0, 0.0, 5.0, 94.69999694824219, 88.5]
2025-04-07 20:32:03,801 - INFO - HTTP Request: POST https://api.x.ai/v1/chat/completions "HTTP/1.1 200 OK"
2025-04-07 20:32:03,860 - INFO - Fetched knowledge for domain: mathematics
2025-04-07 20:32:03,867 - INFO - Iteration 18: Action=fetch_knowledge, Reward=1.0, State=[0.0, 0.0, 5.0, 77.4000015258789, 88.5]
2025-04-07 20:32:04,871 - WARNING - Not enough tentacles to evolve
2025-04-07 20:32:04,872 - INFO - Iteration 19: Action=evolve_tentacle, Reward=-1.0, State=[0.0, 0.0, 5.0, 99.80000305175781, 88.4000015258789]
2025-04-07 20:32:05,874 - INFO - Iteration 20: Action=optimize_resources, Reward=0.0, State=[0.0, 0.0, 5.0, 98.0, 88.30000305175781]
2025-04-07 20:32:06,875 - WARNING - No tentacles for domain: mathematics
2025-04-07 20:32:06,875 - INFO - Iteration 21: Action=test_tentacles, Reward=-1.0, State=[0.0, 0.0, 5.0, 77.9000015258789, 88.19999694824219]
2025-04-07 20:32:12,033 - INFO - HTTP Request: POST https://api.x.ai/v1/chat/completions "HTTP/1.1 200 OK"
2025-04-07 20:32:12,049 - INFO - Fetched knowledge for domain: mathematics
2025-04-07 20:32:12,052 - INFO - Iteration 22: Action=fetch_knowledge, Reward=1.0, State=[0.0, 0.0, 5.0, 96.5999984741211, 88.30000305175781]
2025-04-07 20:32:13,053 - WARNING - No tentacles for domain: logic
2025-04-07 20:32:13,054 - INFO - Iteration 23: Action=test_tentacles, Reward=-1.0, State=[0.0, 0.0, 5.0, 83.69999694824219, 88.19999694824219]
2025-04-07 20:32:15,822 - INFO - HTTP Request: POST https://api.x.ai/v1/chat/completions "HTTP/1.1 200 OK"
2025-04-07 20:32:15,842 - INFO - Fetched knowledge for domain: text processing
2025-04-07 20:32:15,846 - INFO - Iteration 24: Action=fetch_knowledge, Reward=1.0, State=[0.0, 0.0, 5.0, 93.5999984741211, 88.30000305175781]
2025-04-07 20:32:16,848 - INFO - Iteration 25: Action=optimize_resources, Reward=0.0, State=[0.0, 0.0, 5.0, 92.19999694824219, 88.30000305175781]
2025-04-07 20:32:17,852 - INFO - Iteration 26: Action=optimize_resources, Reward=0.0, State=[0.0, 0.0, 5.0, 98.0999984741211, 88.30000305175781]
2025-04-07 20:32:20,811 - INFO - HTTP Request: POST https://api.x.ai/v1/chat/completions "HTTP/1.1 200 OK"
2025-04-07 20:32:20,860 - INFO - Fetched knowledge for domain: natural language processing
2025-04-07 20:32:20,865 - INFO - Iteration 27: Action=fetch_knowledge, Reward=1.0, State=[0.0, 0.0, 5.0, 94.80000305175781, 88.30000305175781]
2025-04-07 20:32:21,866 - WARNING - Not enough tentacles to evolve
2025-04-07 20:32:21,866 - INFO - Iteration 28: Action=evolve_tentacle, Reward=-1.0, State=[0.0, 0.0, 5.0, 98.0999984741211, 88.4000015258789]
2025-04-07 20:32:22,868 - INFO - Iteration 29: Action=optimize_resources, Reward=0.0, State=[0.0, 0.0, 5.0, 98.4000015258789, 88.4000015258789]
2025-04-07 20:32:23,869 - WARNING - Not enough tentacles to evolve
2025-04-07 20:32:23,869 - INFO - Iteration 30: Action=evolve_tentacle, Reward=-1.0, State=[0.0, 0.0, 5.0, 94.0999984741211, 88.4000015258789]
2025-04-07 20:32:24,871 - WARNING - Not enough tentacles to evolve
2025-04-07 20:32:25,083 - INFO - Iteration 31: Action=evolve_tentacle, Reward=-1.0, State=[0.0, 0.0, 5.0, 99.0, 88.5999984741211]
2025-04-07 20:32:26,083 - WARNING - Not enough tentacles to evolve
2025-04-07 20:32:26,150 - INFO - Iteration 32: Action=evolve_tentacle, Reward=-1.0, State=[0.0, 0.0, 5.0, 65.30000305175781, 88.5]
2025-04-07 20:32:29,831 - INFO - HTTP Request: POST https://api.x.ai/v1/chat/completions "HTTP/1.1 200 OK"
2025-04-07 20:32:29,856 - INFO - Fetched knowledge for domain: logic
2025-04-07 20:32:30,140 - INFO - Iteration 33: Action=fetch_knowledge, Reward=1.0, State=[0.0, 0.0, 5.0, 60.79999923706055, 88.19999694824219]
2025-04-07 20:32:31,143 - WARNING - Not enough tentacles to evolve
2025-04-07 20:32:31,224 - INFO - Iteration 34: Action=evolve_tentacle, Reward=-1.0, State=[0.0, 0.0, 5.0, 97.9000015258789, 88.5999984741211]
2025-04-07 20:32:32,225 - WARNING - No tentacles for domain: logic
2025-04-07 20:32:32,479 - INFO - Iteration 35: Action=test_tentacles, Reward=-1.0, State=[0.0, 0.0, 5.0, 95.0999984741211, 88.69999694824219]
2025-04-07 20:32:33,480 - WARNING - Not enough tentacles to evolve
2025-04-07 20:32:33,573 - INFO - Iteration 36: Action=evolve_tentacle, Reward=-1.0, State=[0.0, 0.0, 5.0, 98.4000015258789, 88.69999694824219]
2025-04-07 20:32:34,574 - WARNING - Not enough tentacles to evolve
2025-04-07 20:32:34,821 - INFO - Iteration 37: Action=evolve_tentacle, Reward=-1.0, State=[0.0, 0.0, 5.0, 98.69999694824219, 88.69999694824219]
2025-04-07 20:32:41,417 - INFO - HTTP Request: POST https://api.x.ai/v1/chat/completions "HTTP/1.1 200 OK"
2025-04-07 20:32:41,434 - INFO - Fetched knowledge for domain: mathematics
2025-04-07 20:32:41,528 - INFO - Iteration 38: Action=fetch_knowledge, Reward=1.0, State=[0.0, 0.0, 5.0, 99.5999984741211, 88.69999694824219]
2025-04-07 20:32:42,529 - WARNING - No tentacles for domain: mathematics
2025-04-07 20:32:42,608 - INFO - Iteration 39: Action=test_tentacles, Reward=-1.0, State=[0.0, 0.0, 5.0, 48.20000076293945, 88.69999694824219]
2025-04-07 20:32:43,608 - WARNING - No tentacles for domain: text processing
2025-04-07 20:32:43,722 - INFO - Iteration 40: Action=test_tentacles, Reward=-1.0, State=[0.0, 0.0, 5.0, 63.79999923706055, 88.80000305175781]
2025-04-07 20:32:44,723 - WARNING - Not enough tentacles to evolve
2025-04-07 20:32:44,892 - INFO - Iteration 41: Action=evolve_tentacle, Reward=-1.0, State=[0.0, 0.0, 5.0, 74.5999984741211, 88.80000305175781]
2025-04-07 20:32:51,525 - INFO - HTTP Request: POST https://api.x.ai/v1/chat/completions "HTTP/1.1 200 OK"
2025-04-07 20:32:51,549 - INFO - Fetched knowledge for domain: mathematics
2025-04-07 20:32:51,708 - INFO - Iteration 42: Action=fetch_knowledge, Reward=1.0, State=[0.0, 0.0, 5.0, 96.5999984741211, 89.0]
2025-04-07 20:32:56,181 - INFO - HTTP Request: POST https://api.x.ai/v1/chat/completions "HTTP/1.1 200 OK"
2025-04-07 20:32:56,189 - INFO - Fetched knowledge for domain: logic
2025-04-07 20:32:56,362 - INFO - Iteration 43: Action=fetch_knowledge, Reward=1.0, State=[0.0, 0.0, 5.0, 99.9000015258789, 88.5]
2025-04-07 20:33:02,407 - INFO - HTTP Request: POST https://api.x.ai/v1/chat/completions "HTTP/1.1 200 OK"
2025-04-07 20:33:02,452 - INFO - Fetched knowledge for domain: mathematics
2025-04-07 20:33:02,627 - INFO - Iteration 44: Action=fetch_knowledge, Reward=1.0, State=[0.0, 0.0, 5.0, 93.69999694824219, 86.0999984741211]
2025-04-07 20:33:03,630 - WARNING - No tentacles for domain: text processing
2025-04-07 20:33:03,709 - INFO - Iteration 45: Action=test_tentacles, Reward=-1.0, State=[0.0, 0.0, 5.0, 85.80000305175781, 86.0999984741211]
2025-04-07 20:33:04,710 - WARNING - No tentacles for domain: text processing
2025-04-07 20:33:04,953 - INFO - Iteration 46: Action=test_tentacles, Reward=-1.0, State=[0.0, 0.0, 5.0, 97.9000015258789, 86.0]
2025-04-07 20:33:06,030 - INFO - Iteration 47: Action=optimize_resources, Reward=0.0, State=[0.0, 0.0, 5.0, 85.69999694824219, 86.0]
2025-04-07 20:33:07,033 - WARNING - Not enough tentacles to evolve
2025-04-07 20:33:07,223 - INFO - Iteration 48: Action=evolve_tentacle, Reward=-1.0, State=[0.0, 0.0, 5.0, 99.5, 86.5999984741211]
2025-04-07 20:33:08,224 - WARNING - Not enough tentacles to evolve
2025-04-07 20:33:08,369 - INFO - Iteration 49: Action=evolve_tentacle, Reward=-1.0, State=[0.0, 0.0, 5.0, 98.5, 86.0999984741211]
2025-04-07 20:33:09,473 - INFO - Iteration 50: Action=optimize_resources, Reward=0.0, State=[0.0, 0.0, 5.0, 92.5999984741211, 86.0]
2025-04-07 20:33:10,608 - INFO - Iteration 51: Action=optimize_resources, Reward=0.0, State=[0.0, 0.0, 5.0, 94.5, 85.9000015258789]
2025-04-07 20:33:11,610 - WARNING - Not enough tentacles to evolve
2025-04-07 20:33:11,702 - INFO - Iteration 52: Action=evolve_tentacle, Reward=-1.0, State=[0.0, 0.0, 5.0, 98.0999984741211, 85.80000305175781]
2025-04-07 20:33:12,707 - WARNING - Not enough tentacles to evolve
2025-04-07 20:33:12,768 - INFO - Iteration 53: Action=evolve_tentacle, Reward=-1.0, State=[0.0, 0.0, 5.0, 80.80000305175781, 85.5]
2025-04-07 20:33:13,769 - WARNING - No tentacles for domain: data analysis
2025-04-07 20:33:13,827 - INFO - Iteration 54: Action=test_tentacles, Reward=-1.0, State=[0.0, 0.0, 5.0, 49.20000076293945, 85.5]
2025-04-07 20:33:14,923 - INFO - Iteration 55: Action=optimize_resources, Reward=0.0, State=[0.0, 0.0, 5.0, 42.599998474121094, 85.5999984741211]
2025-04-07 20:33:16,059 - INFO - Iteration 56: Action=optimize_resources, Reward=0.0, State=[0.0, 0.0, 5.0, 81.19999694824219, 85.5999984741211]
2025-04-07 20:33:18,765 - INFO - HTTP Request: POST https://api.x.ai/v1/chat/completions "HTTP/1.1 200 OK"
2025-04-07 20:33:18,783 - INFO - Fetched knowledge for domain: text processing
2025-04-07 20:33:19,077 - INFO - Iteration 57: Action=fetch_knowledge, Reward=1.0, State=[0.0, 0.0, 5.0, 90.0, 85.5999984741211]
2025-04-07 20:33:20,352 - INFO - Iteration 58: Action=optimize_resources, Reward=0.0, State=[0.0, 0.0, 5.0, 99.0999984741211, 85.9000015258789]
2025-04-07 20:33:21,354 - WARNING - Not enough tentacles to evolve
2025-04-07 20:33:21,593 - INFO - Iteration 59: Action=evolve_tentacle, Reward=-1.0, State=[0.0, 0.0, 5.0, 98.5999984741211, 86.19999694824219]
2025-04-07 20:33:22,595 - WARNING - Not enough tentacles to evolve
2025-04-07 20:33:22,989 - INFO - Iteration 60: Action=evolve_tentacle, Reward=-1.0, State=[0.0, 0.0, 5.0, 99.69999694824219, 86.19999694824219]
2025-04-07 20:33:23,991 - WARNING - No tentacles for domain: text processing
2025-04-07 20:33:24,334 - INFO - Iteration 61: Action=test_tentacles, Reward=-1.0, State=[0.0, 0.0, 5.0, 99.5, 86.30000305175781]
2025-04-07 20:33:28,504 - INFO - HTTP Request: POST https://api.x.ai/v1/chat/completions "HTTP/1.1 200 OK"
2025-04-07 20:33:28,520 - INFO - Fetched knowledge for domain: natural language processing
2025-04-07 20:33:28,572 - INFO - Iteration 62: Action=fetch_knowledge, Reward=1.0, State=[0.0, 0.0, 5.0, 99.0, 86.69999694824219]
2025-04-07 20:33:29,573 - WARNING - No tentacles for domain: mathematics
2025-04-07 20:33:29,673 - INFO - Iteration 63: Action=test_tentacles, Reward=-1.0, State=[0.0, 0.0, 5.0, 60.900001525878906, 86.69999694824219]
2025-04-07 20:33:32,967 - INFO - HTTP Request: POST https://api.x.ai/v1/chat/completions "HTTP/1.1 200 OK"
2025-04-07 20:33:33,011 - INFO - Fetched knowledge for domain: logic
2025-04-07 20:33:33,078 - INFO - Iteration 64: Action=fetch_knowledge, Reward=1.0, State=[0.0, 0.0, 5.0, 66.5999984741211, 86.69999694824219]
2025-04-07 20:33:34,079 - WARNING - No tentacles for domain: natural language processing
2025-04-07 20:33:34,299 - INFO - Iteration 65: Action=test_tentacles, Reward=-1.0, State=[0.0, 0.0, 5.0, 89.4000015258789, 86.4000015258789]
2025-04-07 20:33:35,409 - INFO - Iteration 66: Action=optimize_resources, Reward=0.0, State=[0.0, 0.0, 5.0, 87.69999694824219, 86.30000305175781]
2025-04-07 20:33:38,594 - INFO - HTTP Request: POST https://api.x.ai/v1/chat/completions "HTTP/1.1 200 OK"
2025-04-07 20:33:38,615 - INFO - Fetched knowledge for domain: text processing
2025-04-07 20:33:38,758 - INFO - Iteration 67: Action=fetch_knowledge, Reward=1.0, State=[0.0, 0.0, 5.0, 93.5, 86.4000015258789]
2025-04-07 20:33:39,759 - WARNING - Not enough tentacles to evolve
2025-04-07 20:33:39,827 - INFO - Iteration 68: Action=evolve_tentacle, Reward=-1.0, State=[0.0, 0.0, 5.0, 94.80000305175781, 85.5]
2025-04-07 20:33:43,286 - INFO - HTTP Request: POST https://api.x.ai/v1/chat/completions "HTTP/1.1 200 OK"
2025-04-07 20:33:43,331 - INFO - Fetched knowledge for domain: data analysis
2025-04-07 20:33:43,384 - INFO - Iteration 69: Action=fetch_knowledge, Reward=1.0, State=[0.0, 0.0, 5.0, 84.30000305175781, 85.5]
2025-04-07 20:33:46,917 - INFO - HTTP Request: POST https://api.x.ai/v1/chat/completions "HTTP/1.1 200 OK"
2025-04-07 20:33:46,968 - INFO - Fetched knowledge for domain: logic
2025-04-07 20:33:47,273 - INFO - Iteration 70: Action=fetch_knowledge, Reward=1.0, State=[0.0, 0.0, 5.0, 71.80000305175781, 85.30000305175781]
2025-04-07 20:33:48,274 - WARNING - Not enough tentacles to evolve
2025-04-07 20:33:48,352 - INFO - Iteration 71: Action=evolve_tentacle, Reward=-1.0, State=[0.0, 0.0, 5.0, 98.69999694824219, 85.4000015258789]
2025-04-07 20:33:49,433 - INFO - Iteration 72: Action=optimize_resources, Reward=0.0, State=[0.0, 0.0, 5.0, 99.0, 85.5999984741211]
2025-04-07 20:33:50,576 - INFO - Iteration 73: Action=optimize_resources, Reward=0.0, State=[0.0, 0.0, 5.0, 99.80000305175781, 85.9000015258789]
2025-04-07 20:33:51,577 - WARNING - No tentacles for domain: text processing
2025-04-07 20:33:51,680 - INFO - Iteration 74: Action=test_tentacles, Reward=-1.0, State=[0.0, 0.0, 5.0, 97.5, 85.5999984741211]
2025-04-07 20:33:55,227 - INFO - HTTP Request: POST https://api.x.ai/v1/chat/completions "HTTP/1.1 200 OK"
2025-04-07 20:33:55,249 - INFO - Fetched knowledge for domain: natural language processing
2025-04-07 20:33:55,326 - INFO - Iteration 75: Action=fetch_knowledge, Reward=1.0, State=[0.0, 0.0, 5.0, 98.5, 85.5]
2025-04-07 20:33:58,017 - INFO - HTTP Request: POST https://api.x.ai/v1/chat/completions "HTTP/1.1 200 OK"
2025-04-07 20:33:58,035 - INFO - Fetched knowledge for domain: data analysis
2025-04-07 20:33:58,274 - INFO - Iteration 76: Action=fetch_knowledge, Reward=1.0, State=[0.0, 0.0, 5.0, 89.0, 85.5999984741211]
2025-04-07 20:33:59,274 - WARNING - Not enough tentacles to evolve
2025-04-07 20:33:59,325 - INFO - Iteration 77: Action=evolve_tentacle, Reward=-1.0, State=[0.0, 0.0, 5.0, 78.0999984741211, 85.5999984741211]
2025-04-07 20:34:00,326 - WARNING - Not enough tentacles to evolve
2025-04-07 20:34:00,385 - INFO - Iteration 78: Action=evolve_tentacle, Reward=-1.0, State=[0.0, 0.0, 5.0, 49.29999923706055, 85.5999984741211]
2025-04-07 20:34:01,388 - WARNING - No tentacles for domain: logic
2025-04-07 20:34:01,522 - INFO - Iteration 79: Action=test_tentacles, Reward=-1.0, State=[0.0, 0.0, 5.0, 67.30000305175781, 85.69999694824219]
2025-04-07 20:34:02,523 - WARNING - Not enough tentacles to evolve
2025-04-07 20:34:02,602 - INFO - Iteration 80: Action=evolve_tentacle, Reward=-1.0, State=[0.0, 0.0, 5.0, 96.5999984741211, 85.5999984741211]
2025-04-07 20:34:03,604 - WARNING - Not enough tentacles to evolve
2025-04-07 20:34:03,723 - INFO - Iteration 81: Action=evolve_tentacle, Reward=-1.0, State=[0.0, 0.0, 5.0, 98.5999984741211, 85.9000015258789]
2025-04-07 20:34:04,724 - WARNING - Not enough tentacles to evolve
2025-04-07 20:34:04,866 - INFO - Iteration 82: Action=evolve_tentacle, Reward=-1.0, State=[0.0, 0.0, 5.0, 92.19999694824219, 85.4000015258789]
